in_source: |
  {
      string c = "a";
      input_char(c);
      while(c>0){
          print_char(c);
          input_char(c);
      }
  }
in_stdin: |
  lera
out_code: |
  [
      {
          "opcode": "IN"
      },
      {
          "opcode": "ST",
          "arg": 1,
          "addr_mode": "IMMEDIATE"
      },
      {
          "opcode": "JLE",
          "arg": 8,
          "addr_mode": "IMMEDIATE"
      },
      {
          "opcode": "LD",
          "arg": 1,
          "addr_mode": "DIRECT"
      },
      {
          "opcode": "OUT"
      },
      {
          "opcode": "IN"
      },
      {
          "opcode": "ST",
          "arg": 1,
          "addr_mode": "IMMEDIATE"
      },
      {
          "opcode": "JMP",
          "arg": 2,
          "addr_mode": "IMMEDIATE"
      },
      {
          "opcode": "HLT"
      }
  ]
out_stdout: |
  ============================================================
  lera

  instr_counter:  33 ticks: 50
out_log: |
  INFO     root:machine.py:149 instruction: {'opcode': <Opcode.IN: 'IN'>}
  DEBUG    root:machine.py:116 {TICK: 1, PC: 1, ADDR: 0, ACC: 108, DR: 0, DA 0}
  INFO     root:machine.py:149 instruction: {'opcode': <Opcode.ST: 'ST'>, 'arg': 1, 'addr_mode': <AddressMode.IMMEDIATE: 'IMMEDIATE'>}
  DEBUG    root:machine.py:116 {TICK: 2, PC: 1, ADDR: 0, ACC: 108, DR: 1, DA 0}
  DEBUG    root:machine.py:116 {TICK: 3, PC: 2, ADDR: 1, ACC: 108, DR: 1, DA 1}
  DEBUG    root:machine.py:116 {TICK: 4, PC: 2, ADDR: 1, ACC: 108, DR: 1, DA 1}
  INFO     root:machine.py:149 instruction: {'opcode': <Opcode.JLE: 'JLE'>, 'arg': 8, 'addr_mode': <AddressMode.IMMEDIATE: 'IMMEDIATE'>}
  DEBUG    root:machine.py:116 {TICK: 5, PC: 3, ADDR: 1, ACC: 108, DR: 1, DA 1}
  INFO     root:machine.py:149 instruction: {'opcode': <Opcode.LD: 'LD'>, 'arg': 1, 'addr_mode': <AddressMode.DIRECT: 'DIRECT'>}
  DEBUG    root:machine.py:116 {TICK: 6, PC: 3, ADDR: 1, ACC: 108, DR: 108, DA 1}
  DEBUG    root:machine.py:116 {TICK: 7, PC: 4, ADDR: 1, ACC: 108, DR: 108, DA 1}
  INFO     root:machine.py:149 instruction: {'opcode': <Opcode.OUT: 'OUT'>}
  DEBUG    root:machine.py:116 {TICK: 8, PC: 5, ADDR: 1, ACC: 108, DR: 108, DA 1}
  INFO     root:machine.py:149 instruction: {'opcode': <Opcode.IN: 'IN'>}
  DEBUG    root:machine.py:116 {TICK: 9, PC: 6, ADDR: 1, ACC: 101, DR: 108, DA 1}
  INFO     root:machine.py:149 instruction: {'opcode': <Opcode.ST: 'ST'>, 'arg': 1, 'addr_mode': <AddressMode.IMMEDIATE: 'IMMEDIATE'>}
  DEBUG    root:machine.py:116 {TICK: 10, PC: 6, ADDR: 1, ACC: 101, DR: 1, DA 1}
  DEBUG    root:machine.py:116 {TICK: 11, PC: 7, ADDR: 1, ACC: 101, DR: 1, DA 1}
  DEBUG    root:machine.py:116 {TICK: 12, PC: 7, ADDR: 1, ACC: 101, DR: 1, DA 1}
  INFO     root:machine.py:149 instruction: {'opcode': <Opcode.JMP: 'JMP'>, 'arg': 2, 'addr_mode': <AddressMode.IMMEDIATE: 'IMMEDIATE'>}
  DEBUG    root:machine.py:116 {TICK: 13, PC: 2, ADDR: 1, ACC: 101, DR: 1, DA 1}
  INFO     root:machine.py:149 instruction: {'opcode': <Opcode.JLE: 'JLE'>, 'arg': 8, 'addr_mode': <AddressMode.IMMEDIATE: 'IMMEDIATE'>}
  DEBUG    root:machine.py:116 {TICK: 14, PC: 3, ADDR: 1, ACC: 101, DR: 1, DA 1}
  INFO     root:machine.py:149 instruction: {'opcode': <Opcode.LD: 'LD'>, 'arg': 1, 'addr_mode': <AddressMode.DIRECT: 'DIRECT'>}
  DEBUG    root:machine.py:116 {TICK: 15, PC: 3, ADDR: 1, ACC: 101, DR: 101, DA 1}
  DEBUG    root:machine.py:116 {TICK: 16, PC: 4, ADDR: 1, ACC: 101, DR: 101, DA 1}
  INFO     root:machine.py:149 instruction: {'opcode': <Opcode.OUT: 'OUT'>}
  DEBUG    root:machine.py:116 {TICK: 17, PC: 5, ADDR: 1, ACC: 101, DR: 101, DA 1}
  INFO     root:machine.py:149 instruction: {'opcode': <Opcode.IN: 'IN'>}
  DEBUG    root:machine.py:116 {TICK: 18, PC: 6, ADDR: 1, ACC: 114, DR: 101, DA 1}
  INFO     root:machine.py:149 instruction: {'opcode': <Opcode.ST: 'ST'>, 'arg': 1, 'addr_mode': <AddressMode.IMMEDIATE: 'IMMEDIATE'>}
  DEBUG    root:machine.py:116 {TICK: 19, PC: 6, ADDR: 1, ACC: 114, DR: 1, DA 1}
  DEBUG    root:machine.py:116 {TICK: 20, PC: 7, ADDR: 1, ACC: 114, DR: 1, DA 1}
  DEBUG    root:machine.py:116 {TICK: 21, PC: 7, ADDR: 1, ACC: 114, DR: 1, DA 1}
  INFO     root:machine.py:149 instruction: {'opcode': <Opcode.JMP: 'JMP'>, 'arg': 2, 'addr_mode': <AddressMode.IMMEDIATE: 'IMMEDIATE'>}
  DEBUG    root:machine.py:116 {TICK: 22, PC: 2, ADDR: 1, ACC: 114, DR: 1, DA 1}
  INFO     root:machine.py:149 instruction: {'opcode': <Opcode.JLE: 'JLE'>, 'arg': 8, 'addr_mode': <AddressMode.IMMEDIATE: 'IMMEDIATE'>}
  DEBUG    root:machine.py:116 {TICK: 23, PC: 3, ADDR: 1, ACC: 114, DR: 1, DA 1}
  INFO     root:machine.py:149 instruction: {'opcode': <Opcode.LD: 'LD'>, 'arg': 1, 'addr_mode': <AddressMode.DIRECT: 'DIRECT'>}
  DEBUG    root:machine.py:116 {TICK: 24, PC: 3, ADDR: 1, ACC: 114, DR: 114, DA 1}
  DEBUG    root:machine.py:116 {TICK: 25, PC: 4, ADDR: 1, ACC: 114, DR: 114, DA 1}
  INFO     root:machine.py:149 instruction: {'opcode': <Opcode.OUT: 'OUT'>}
  DEBUG    root:machine.py:116 {TICK: 26, PC: 5, ADDR: 1, ACC: 114, DR: 114, DA 1}
  INFO     root:machine.py:149 instruction: {'opcode': <Opcode.IN: 'IN'>}
  DEBUG    root:machine.py:116 {TICK: 27, PC: 6, ADDR: 1, ACC: 97, DR: 114, DA 1}
  INFO     root:machine.py:149 instruction: {'opcode': <Opcode.ST: 'ST'>, 'arg': 1, 'addr_mode': <AddressMode.IMMEDIATE: 'IMMEDIATE'>}
  DEBUG    root:machine.py:116 {TICK: 28, PC: 6, ADDR: 1, ACC: 97, DR: 1, DA 1}
  DEBUG    root:machine.py:116 {TICK: 29, PC: 7, ADDR: 1, ACC: 97, DR: 1, DA 1}
  DEBUG    root:machine.py:116 {TICK: 30, PC: 7, ADDR: 1, ACC: 97, DR: 1, DA 1}
  INFO     root:machine.py:149 instruction: {'opcode': <Opcode.JMP: 'JMP'>, 'arg': 2, 'addr_mode': <AddressMode.IMMEDIATE: 'IMMEDIATE'>}
  DEBUG    root:machine.py:116 {TICK: 31, PC: 2, ADDR: 1, ACC: 97, DR: 1, DA 1}
  INFO     root:machine.py:149 instruction: {'opcode': <Opcode.JLE: 'JLE'>, 'arg': 8, 'addr_mode': <AddressMode.IMMEDIATE: 'IMMEDIATE'>}
  DEBUG    root:machine.py:116 {TICK: 32, PC: 3, ADDR: 1, ACC: 97, DR: 1, DA 1}
  INFO     root:machine.py:149 instruction: {'opcode': <Opcode.LD: 'LD'>, 'arg': 1, 'addr_mode': <AddressMode.DIRECT: 'DIRECT'>}
  DEBUG    root:machine.py:116 {TICK: 33, PC: 3, ADDR: 1, ACC: 97, DR: 97, DA 1}
  DEBUG    root:machine.py:116 {TICK: 34, PC: 4, ADDR: 1, ACC: 97, DR: 97, DA 1}
  INFO     root:machine.py:149 instruction: {'opcode': <Opcode.OUT: 'OUT'>}
  DEBUG    root:machine.py:116 {TICK: 35, PC: 5, ADDR: 1, ACC: 97, DR: 97, DA 1}
  INFO     root:machine.py:149 instruction: {'opcode': <Opcode.IN: 'IN'>}
  DEBUG    root:machine.py:116 {TICK: 36, PC: 6, ADDR: 1, ACC: 10, DR: 97, DA 1}
  INFO     root:machine.py:149 instruction: {'opcode': <Opcode.ST: 'ST'>, 'arg': 1, 'addr_mode': <AddressMode.IMMEDIATE: 'IMMEDIATE'>}
  DEBUG    root:machine.py:116 {TICK: 37, PC: 6, ADDR: 1, ACC: 10, DR: 1, DA 1}
  DEBUG    root:machine.py:116 {TICK: 38, PC: 7, ADDR: 1, ACC: 10, DR: 1, DA 1}
  DEBUG    root:machine.py:116 {TICK: 39, PC: 7, ADDR: 1, ACC: 10, DR: 1, DA 1}
  INFO     root:machine.py:149 instruction: {'opcode': <Opcode.JMP: 'JMP'>, 'arg': 2, 'addr_mode': <AddressMode.IMMEDIATE: 'IMMEDIATE'>}
  DEBUG    root:machine.py:116 {TICK: 40, PC: 2, ADDR: 1, ACC: 10, DR: 1, DA 1}
  INFO     root:machine.py:149 instruction: {'opcode': <Opcode.JLE: 'JLE'>, 'arg': 8, 'addr_mode': <AddressMode.IMMEDIATE: 'IMMEDIATE'>}
  DEBUG    root:machine.py:116 {TICK: 41, PC: 3, ADDR: 1, ACC: 10, DR: 1, DA 1}
  INFO     root:machine.py:149 instruction: {'opcode': <Opcode.LD: 'LD'>, 'arg': 1, 'addr_mode': <AddressMode.DIRECT: 'DIRECT'>}
  DEBUG    root:machine.py:116 {TICK: 42, PC: 3, ADDR: 1, ACC: 10, DR: 10, DA 1}
  DEBUG    root:machine.py:116 {TICK: 43, PC: 4, ADDR: 1, ACC: 10, DR: 10, DA 1}
  INFO     root:machine.py:149 instruction: {'opcode': <Opcode.OUT: 'OUT'>}
  DEBUG    root:machine.py:116 {TICK: 44, PC: 5, ADDR: 1, ACC: 10, DR: 10, DA 1}
  INFO     root:machine.py:149 instruction: {'opcode': <Opcode.IN: 'IN'>}
  DEBUG    root:machine.py:116 {TICK: 45, PC: 6, ADDR: 1, ACC: 0, DR: 10, DA 1}
  INFO     root:machine.py:149 instruction: {'opcode': <Opcode.ST: 'ST'>, 'arg': 1, 'addr_mode': <AddressMode.IMMEDIATE: 'IMMEDIATE'>}
  DEBUG    root:machine.py:116 {TICK: 46, PC: 6, ADDR: 1, ACC: 0, DR: 1, DA 1}
  DEBUG    root:machine.py:116 {TICK: 47, PC: 7, ADDR: 1, ACC: 0, DR: 1, DA 1}
  DEBUG    root:machine.py:116 {TICK: 48, PC: 7, ADDR: 1, ACC: 0, DR: 1, DA 1}
  INFO     root:machine.py:149 instruction: {'opcode': <Opcode.JMP: 'JMP'>, 'arg': 2, 'addr_mode': <AddressMode.IMMEDIATE: 'IMMEDIATE'>}
  DEBUG    root:machine.py:116 {TICK: 49, PC: 2, ADDR: 1, ACC: 0, DR: 1, DA 1}
  INFO     root:machine.py:149 instruction: {'opcode': <Opcode.JLE: 'JLE'>, 'arg': 8, 'addr_mode': <AddressMode.IMMEDIATE: 'IMMEDIATE'>}
  DEBUG    root:machine.py:116 {TICK: 50, PC: 8, ADDR: 1, ACC: 0, DR: 1, DA 1}
  INFO     root:machine.py:149 instruction: {'opcode': <Opcode.HLT: 'HLT'>}
